// Jest Snapshot v1, https://goo.gl/fbAQLP

exports[`snapshot for API component renders snapshot without issues 1`] = `[Function]`;
