// Jest Snapshot v1, https://goo.gl/fbAQLP

exports[`Snapshot for baseURI renders Snapshot without issues 1`] = `"https://app.launchdarkly.com/sdk/evalx/"`;
